OpenJDK 64-Bit Server VM (25.121-b13) for linux-amd64 JRE (1.8.0_121-8u121-b13-0ubuntu1.16.04.2-b13), built on Jan 23 2017 15:51:29 by "buildd" with gcc 5.4.0 20160609
Memory: 4k page, physical 7178660k(692816k free), swap 7379964k(3897608k free)
CommandLine flags: -XX:+DisableExplicitGC -XX:InitialHeapSize=1073741824 -XX:InitiatingHeapOccupancyPercent=35 -XX:+ManagementServer -XX:MaxGCPauseMillis=20 -XX:MaxHeapSize=1073741824 -XX:+PrintGC -XX:+PrintGCDateStamps -XX:+PrintGCDetails -XX:+PrintGCTimeStamps -XX:+UseCompressedClassPointers -XX:+UseCompressedOops -XX:+UseG1GC 
2017-04-12T11:43:05.459+0200: 1,286: [GC pause (G1 Evacuation Pause) (young), 0,0179946 secs]
   [Parallel Time: 5,7 ms, GC Workers: 4]
      [GC Worker Start (ms): Min: 1286,1, Avg: 1286,1, Max: 1286,1, Diff: 0,1]
      [Ext Root Scanning (ms): Min: 0,5, Avg: 0,8, Max: 1,2, Diff: 0,7, Sum: 3,0]
      [Update RS (ms): Min: 0,0, Avg: 0,0, Max: 0,0, Diff: 0,0, Sum: 0,0]
         [Processed Buffers: Min: 0, Avg: 0,0, Max: 0, Diff: 0, Sum: 0]
      [Scan RS (ms): Min: 0,0, Avg: 0,0, Max: 0,0, Diff: 0,0, Sum: 0,0]
      [Code Root Scanning (ms): Min: 0,0, Avg: 0,2, Max: 0,4, Diff: 0,4, Sum: 0,6]
      [Object Copy (ms): Min: 4,3, Avg: 4,7, Max: 4,9, Diff: 0,6, Sum: 18,6]
      [Termination (ms): Min: 0,0, Avg: 0,0, Max: 0,0, Diff: 0,0, Sum: 0,0]
         [Termination Attempts: Min: 1, Avg: 6,8, Max: 10, Diff: 9, Sum: 27]
      [GC Worker Other (ms): Min: 0,0, Avg: 0,0, Max: 0,1, Diff: 0,0, Sum: 0,1]
      [GC Worker Total (ms): Min: 5,6, Avg: 5,6, Max: 5,6, Diff: 0,1, Sum: 22,4]
      [GC Worker End (ms): Min: 1291,7, Avg: 1291,7, Max: 1291,7, Diff: 0,0]
   [Code Root Fixup: 0,1 ms]
   [Code Root Purge: 0,0 ms]
   [Clear CT: 0,4 ms]
   [Other: 11,7 ms]
      [Choose CSet: 0,0 ms]
      [Ref Proc: 11,1 ms]
      [Ref Enq: 0,0 ms]
      [Redirty Cards: 0,4 ms]
      [Humongous Register: 0,0 ms]
      [Humongous Reclaim: 0,0 ms]
      [Free CSet: 0,0 ms]
   [Eden: 51,0M(51,0M)->0,0B(44,0M) Survivors: 0,0B->7168,0K Heap: 51,0M(1024,0M)->8617,5K(1024,0M)]
 [Times: user=0,02 sys=0,01, real=0,02 secs] 
2017-04-12T11:43:06.254+0200: 2,081: [GC pause (Metadata GC Threshold) (young) (initial-mark), 0,0073149 secs]
   [Parallel Time: 5,5 ms, GC Workers: 4]
      [GC Worker Start (ms): Min: 2080,9, Avg: 2081,2, Max: 2082,0, Diff: 1,1]
      [Ext Root Scanning (ms): Min: 1,1, Avg: 2,0, Max: 4,3, Diff: 3,2, Sum: 7,9]
      [Update RS (ms): Min: 0,0, Avg: 0,0, Max: 0,2, Diff: 0,2, Sum: 0,2]
         [Processed Buffers: Min: 0, Avg: 0,2, Max: 1, Diff: 1, Sum: 1]
      [Scan RS (ms): Min: 0,0, Avg: 0,0, Max: 0,0, Diff: 0,0, Sum: 0,0]
      [Code Root Scanning (ms): Min: 0,0, Avg: 0,2, Max: 0,8, Diff: 0,8, Sum: 0,9]
      [Object Copy (ms): Min: 0,0, Avg: 2,3, Max: 3,4, Diff: 3,4, Sum: 9,4]
      [Termination (ms): Min: 0,0, Avg: 0,5, Max: 0,7, Diff: 0,7, Sum: 2,2]
         [Termination Attempts: Min: 1, Avg: 2,2, Max: 4, Diff: 3, Sum: 9]
      [GC Worker Other (ms): Min: 0,0, Avg: 0,0, Max: 0,0, Diff: 0,0, Sum: 0,0]
      [GC Worker Total (ms): Min: 4,3, Avg: 5,1, Max: 5,4, Diff: 1,1, Sum: 20,6]
      [GC Worker End (ms): Min: 2086,3, Avg: 2086,3, Max: 2086,3, Diff: 0,0]
   [Code Root Fixup: 0,2 ms]
   [Code Root Purge: 0,0 ms]
   [Clear CT: 0,3 ms]
   [Other: 1,3 ms]
      [Choose CSet: 0,0 ms]
      [Ref Proc: 0,6 ms]
      [Ref Enq: 0,0 ms]
      [Redirty Cards: 0,4 ms]
      [Humongous Register: 0,0 ms]
      [Humongous Reclaim: 0,0 ms]
      [Free CSet: 0,1 ms]
   [Eden: 21,0M(44,0M)->0,0B(44,0M) Survivors: 7168,0K->7168,0K Heap: 156,9M(1024,0M)->137,2M(1024,0M)]
 [Times: user=0,02 sys=0,01, real=0,00 secs] 
2017-04-12T11:43:06.261+0200: 2,088: [GC concurrent-root-region-scan-start]
2017-04-12T11:43:06.299+0200: 2,126: [GC concurrent-root-region-scan-end, 0,0382995 secs]
2017-04-12T11:43:06.299+0200: 2,126: [GC concurrent-mark-start]
2017-04-12T11:43:06.300+0200: 2,127: [GC concurrent-mark-end, 0,0002648 secs]
2017-04-12T11:43:06.300+0200: 2,127: [GC remark 2017-04-12T11:43:06.300+0200: 2,127: [Finalize Marking, 0,0139214 secs] 2017-04-12T11:43:06.314+0200: 2,141: [GC ref-proc, 0,0001086 secs] 2017-04-12T11:43:06.314+0200: 2,141: [Unloading, 0,0033550 secs], 0,0187569 secs]
 [Times: user=0,02 sys=0,04, real=0,02 secs] 
2017-04-12T11:43:06.319+0200: 2,146: [GC cleanup 138M->137M(1024M), 0,0008832 secs]
 [Times: user=0,00 sys=0,00, real=0,00 secs] 
2017-04-12T11:43:06.320+0200: 2,147: [GC concurrent-cleanup-start]
2017-04-12T11:43:06.320+0200: 2,147: [GC concurrent-cleanup-end, 0,0000100 secs]
Heap
 garbage-first heap   total 1048576K, used 181462K [0x00000000c0000000, 0x00000000c0102000, 0x0000000100000000)
  region size 1024K, 49 young (50176K), 7 survivors (7168K)
 Metaspace       used 25146K, capacity 27979K, committed 28160K, reserved 1073152K
  class space    used 3536K, capacity 3771K, committed 3840K, reserved 1048576K
